---
source: crates/vapix/tests/serde.rs
expression: "serde_json::to_string(&data).unwrap()"
---
{"comment":"When's the day?"}
