---
source: crates/vapix/tests/serde.rs
expression: path
---
config/rest/ssh/v1/users
